// Jest Snapshot v1, https://goo.gl/fbAQLP

exports[`WoodListItem component renders a WoodListItem by default 1`] = `""`;

exports[`WoodListItem component renders a WoodListItem given props 1`] = `
<Link
  className="WoodListItem"
  to="/woods/2"
>
  <div
    className="WoodListItem__details"
  >
    <div
      className="WoodListItem__text"
    >
      <h2
        className="WoodListItem__heading"
      >
        maple
      </h2>
      <p
        className="scientific-name"
      >
        maple
         
        wood
      </p>
    </div>
    <div
      className="WoodListItem__submissions"
    >
      <span
        id="WoodListItem_submission-count"
      >
        4 submissions
      </span>
    </div>
  </div>
</Link>
`;
